2026-07-31 05:43:44.902 - RealTimeSTT: realtimestt - INFO - Starting RealTimeSTT
2026-07-31 05:43:44.914 - RealTimeSTT: realtimestt - INFO - Initializing audio recording (creating pyAudio input stream, sample rate: 16000 buffer size: 512
2026-07-31 05:43:44.923 - RealTimeSTT: realtimestt - INFO - Initializing WebRTC voice with Sensitivity 3
2026-07-31 05:43:44.923 - RealTimeSTT: realtimestt - DEBUG - WebRTC VAD voice activity detection engine initialized successfully
2026-07-31 05:43:44.925 - RealTimeSTT: realtimestt - DEBUG - Silero VAD auto backend raw_onnx_ifless unavailable
Traceback (most recent call last):
  File "C:\Users\lknk1\PycharmProjects\PythonProject3\.venv\Lib\site-packages\RealtimeSTT\core\silero_vad.py", line 176, in _create_auto_vad
    return _create_raw_onnx_vad(
           ^^^^^^^^^^^^^^^^^^^^^
  File "C:\Users\lknk1\PycharmProjects\PythonProject3\.venv\Lib\site-packages\RealtimeSTT\core\silero_vad.py", line 230, in _create_raw_onnx_vad
    return RawSileroOnnxVad(
           ^^^^^^^^^^^^^^^^^
  File "C:\Users\lknk1\PycharmProjects\PythonProject3\.venv\Lib\site-packages\RealtimeSTT\core\silero_vad.py", line 443, in __init__
    ort = import_module("onnxruntime")
          ^^^^^^^^^^^^^^^^^^^^^^^^^^^^
  File "C:\Users\lknk1\AppData\Local\Programs\Python\Python311\Lib\importlib\__init__.py", line 126, in import_module
    return _bootstrap._gcd_import(name[level:], package, level)
           ^^^^^^^^^^^^^^^^^^^^^^^^^^^^^^^^^^^^^^^^^^^^^^^^^^^^
  File "<frozen importlib._bootstrap>", line 1204, in _gcd_import
  File "<frozen importlib._bootstrap>", line 1176, in _find_and_load
  File "<frozen importlib._bootstrap>", line 1140, in _find_and_load_unlocked
ModuleNotFoundError: No module named 'onnxruntime'
2026-07-31 05:43:44.927 - RealTimeSTT: realtimestt - DEBUG - Silero VAD auto backend raw_onnx unavailable
Traceback (most recent call last):
  File "C:\Users\lknk1\PycharmProjects\PythonProject3\.venv\Lib\site-packages\RealtimeSTT\core\silero_vad.py", line 176, in _create_auto_vad
    return _create_raw_onnx_vad(
           ^^^^^^^^^^^^^^^^^^^^^
  File "C:\Users\lknk1\PycharmProjects\PythonProject3\.venv\Lib\site-packages\RealtimeSTT\core\silero_vad.py", line 230, in _create_raw_onnx_vad
    return RawSileroOnnxVad(
           ^^^^^^^^^^^^^^^^^
  File "C:\Users\lknk1\PycharmProjects\PythonProject3\.venv\Lib\site-packages\RealtimeSTT\core\silero_vad.py", line 443, in __init__
    ort = import_module("onnxruntime")
          ^^^^^^^^^^^^^^^^^^^^^^^^^^^^
  File "C:\Users\lknk1\AppData\Local\Programs\Python\Python311\Lib\importlib\__init__.py", line 126, in import_module
    return _bootstrap._gcd_import(name[level:], package, level)
           ^^^^^^^^^^^^^^^^^^^^^^^^^^^^^^^^^^^^^^^^^^^^^^^^^^^^
  File "<frozen importlib._bootstrap>", line 1204, in _gcd_import
  File "<frozen importlib._bootstrap>", line 1176, in _find_and_load
  File "<frozen importlib._bootstrap>", line 1140, in _find_and_load_unlocked
ModuleNotFoundError: No module named 'onnxruntime'
2026-07-31 05:43:45.025 - RealTimeSTT: realtimestt - DEBUG - Silero VAD voice activity detection engine initialized successfully with backend pytorch_cpu
2026-07-31 05:43:45.114 - RealTimeSTT: realtimestt - DEBUG - Starting realtime worker
2026-07-31 05:43:45.115 - RealTimeSTT: realtimestt - DEBUG - Realtime transcription disabled; realtime worker exits
2026-07-31 05:43:45.115 - RealTimeSTT: realtimestt - DEBUG - Waiting for main transcription model to start
2026-07-31 05:46:31.389 - RealTimeSTT: realtimestt - INFO - Starting RealTimeSTT
2026-07-31 05:46:31.401 - RealTimeSTT: realtimestt - INFO - Initializing audio recording (creating pyAudio input stream, sample rate: 16000 buffer size: 512
2026-07-31 05:46:31.412 - RealTimeSTT: realtimestt - INFO - Initializing WebRTC voice with Sensitivity 3
2026-07-31 05:46:31.412 - RealTimeSTT: realtimestt - DEBUG - WebRTC VAD voice activity detection engine initialized successfully
2026-07-31 05:46:31.495 - RealTimeSTT: realtimestt - DEBUG - Silero VAD voice activity detection engine initialized successfully with backend raw_onnx_ifless
2026-07-31 05:46:31.498 - RealTimeSTT: realtimestt - DEBUG - Starting realtime worker
2026-07-31 05:46:31.498 - RealTimeSTT: realtimestt - DEBUG - Realtime transcription disabled; realtime worker exits
2026-07-31 05:46:31.498 - RealTimeSTT: realtimestt - DEBUG - Waiting for main transcription model to start
2026-07-31 05:46:46.985 - RealTimeSTT: realtimestt - DEBUG - Main transcription model ready
2026-07-31 05:46:46.987 - RealTimeSTT: realtimestt - DEBUG - RealtimeSTT initialization completed successfully
2026-07-31 05:46:46.987 - RealTimeSTT: realtimestt - INFO - Setting listen time
2026-07-31 05:46:46.987 - RealTimeSTT: realtimestt - INFO - State changed from 'inactive' to 'listening'
2026-07-31 05:46:46.988 - RealTimeSTT: realtimestt - DEBUG - Waiting for recording start
2026-07-31 05:46:47.304 - RealTimeSTT: realtimestt - INFO - voice activity detected
2026-07-31 05:46:47.304 - RealTimeSTT: realtimestt - INFO - recording started
2026-07-31 05:46:47.304 - RealTimeSTT: realtimestt - INFO - State changed from 'listening' to 'recording'
2026-07-31 05:46:47.304 - RealTimeSTT: realtimestt - DEBUG - Waiting for recording stop
2026-07-31 05:46:48.454 - RealTimeSTT: realtimestt - INFO - recording stopped
2026-07-31 05:46:48.456 - RealTimeSTT: realtimestt - DEBUG - No samples removed, final audio length: 34816
2026-07-31 05:46:48.456 - RealTimeSTT: realtimestt - INFO - State changed from 'recording' to 'inactive'
2026-07-31 05:46:48.494 - RealTimeSTT: realtimestt - INFO - State changed from 'inactive' to 'transcribing'
2026-07-31 05:46:48.496 - RealTimeSTT: realtimestt - DEBUG - Adding transcription request, no early transcription started
2026-07-31 05:46:48.497 - RealTimeSTT: realtimestt - DEBUG - Receive from parent_transcription_pipe after sendiung transcription request, transcribe_count: 1
2026-07-31 05:46:48.602 - RealTimeSTT: realtimestt - DEBUG - Receive from parent_transcription_pipe after sendiung transcription request, transcribe_count: 1
2026-07-31 05:46:48.711 - RealTimeSTT: realtimestt - DEBUG - Receive from parent_transcription_pipe after sendiung transcription request, transcribe_count: 1
2026-07-31 05:46:48.820 - RealTimeSTT: realtimestt - DEBUG - Receive from parent_transcription_pipe after sendiung transcription request, transcribe_count: 1
2026-07-31 05:46:48.930 - RealTimeSTT: realtimestt - DEBUG - Receive from parent_transcription_pipe after sendiung transcription request, transcribe_count: 1
2026-07-31 05:46:49.039 - RealTimeSTT: realtimestt - DEBUG - Receive from parent_transcription_pipe after sendiung transcription request, transcribe_count: 1
2026-07-31 05:46:49.108 - RealTimeSTT: realtimestt - INFO - State changed from 'transcribing' to 'inactive'
2026-07-31 05:46:49.133 - RealTimeSTT: realtimestt - DEBUG - Model tiny completed transcription in 0.64 seconds
2026-07-31 05:46:49.134 - RealTimeSTT: realtimestt - INFO - Setting listen time
2026-07-31 05:46:49.134 - RealTimeSTT: realtimestt - INFO - State changed from 'inactive' to 'listening'
2026-07-31 05:46:49.135 - RealTimeSTT: realtimestt - DEBUG - Waiting for recording start
2026-07-31 05:46:51.144 - RealTimeSTT: realtimestt - INFO - voice activity detected
2026-07-31 05:46:51.144 - RealTimeSTT: realtimestt - INFO - recording started
2026-07-31 05:46:51.144 - RealTimeSTT: realtimestt - INFO - State changed from 'listening' to 'recording'
2026-07-31 05:46:51.144 - RealTimeSTT: realtimestt - DEBUG - Waiting for recording stop
2026-07-31 05:46:55.234 - RealTimeSTT: realtimestt - INFO - recording stopped
2026-07-31 05:46:55.241 - RealTimeSTT: realtimestt - DEBUG - No samples removed, final audio length: 81920
2026-07-31 05:46:55.241 - RealTimeSTT: realtimestt - INFO - State changed from 'recording' to 'inactive'
2026-07-31 05:46:55.293 - RealTimeSTT: realtimestt - INFO - State changed from 'inactive' to 'transcribing'
2026-07-31 05:46:55.296 - RealTimeSTT: realtimestt - DEBUG - Adding transcription request, no early transcription started
2026-07-31 05:46:55.298 - RealTimeSTT: realtimestt - DEBUG - Receive from parent_transcription_pipe after sendiung transcription request, transcribe_count: 1
2026-07-31 05:46:55.400 - RealTimeSTT: realtimestt - DEBUG - Receive from parent_transcription_pipe after sendiung transcription request, transcribe_count: 1
2026-07-31 05:46:55.509 - RealTimeSTT: realtimestt - DEBUG - Receive from parent_transcription_pipe after sendiung transcription request, transcribe_count: 1
2026-07-31 05:46:55.552 - RealTimeSTT: realtimestt - INFO - voice activity detected
2026-07-31 05:46:55.552 - RealTimeSTT: realtimestt - INFO - recording started
2026-07-31 05:46:55.552 - RealTimeSTT: realtimestt - INFO - State changed from 'transcribing' to 'recording'
2026-07-31 05:46:55.620 - RealTimeSTT: realtimestt - DEBUG - Receive from parent_transcription_pipe after sendiung transcription request, transcribe_count: 1
2026-07-31 05:46:55.730 - RealTimeSTT: realtimestt - DEBUG - Receive from parent_transcription_pipe after sendiung transcription request, transcribe_count: 1
2026-07-31 05:46:55.838 - RealTimeSTT: realtimestt - DEBUG - Receive from parent_transcription_pipe after sendiung transcription request, transcribe_count: 1
2026-07-31 05:46:55.947 - RealTimeSTT: realtimestt - DEBUG - Receive from parent_transcription_pipe after sendiung transcription request, transcribe_count: 1
2026-07-31 05:46:55.957 - RealTimeSTT: realtimestt - DEBUG - Model tiny completed transcription in 0.66 seconds
2026-07-31 05:46:55.957 - RealTimeSTT: realtimestt - INFO - Setting listen time
2026-07-31 05:46:55.957 - RealTimeSTT: realtimestt - DEBUG - Waiting for recording stop
2026-07-31 05:47:00.672 - RealTimeSTT: realtimestt - INFO - recording stopped
2026-07-31 05:47:00.673 - RealTimeSTT: realtimestt - DEBUG - No samples removed, final audio length: 87552
2026-07-31 05:47:00.673 - RealTimeSTT: realtimestt - INFO - State changed from 'recording' to 'inactive'
2026-07-31 05:47:00.707 - RealTimeSTT: realtimestt - INFO - State changed from 'inactive' to 'transcribing'
2026-07-31 05:47:00.708 - RealTimeSTT: realtimestt - DEBUG - Adding transcription request, no early transcription started
2026-07-31 05:47:00.718 - RealTimeSTT: realtimestt - DEBUG - Receive from parent_transcription_pipe after sendiung transcription request, transcribe_count: 1
2026-07-31 05:47:00.820 - RealTimeSTT: realtimestt - DEBUG - Receive from parent_transcription_pipe after sendiung transcription request, transcribe_count: 1
2026-07-31 05:47:00.929 - RealTimeSTT: realtimestt - DEBUG - Receive from parent_transcription_pipe after sendiung transcription request, transcribe_count: 1
2026-07-31 05:47:01.037 - RealTimeSTT: realtimestt - DEBUG - Receive from parent_transcription_pipe after sendiung transcription request, transcribe_count: 1
2026-07-31 05:47:01.145 - RealTimeSTT: realtimestt - DEBUG - Receive from parent_transcription_pipe after sendiung transcription request, transcribe_count: 1
2026-07-31 05:47:01.256 - RealTimeSTT: realtimestt - DEBUG - Receive from parent_transcription_pipe after sendiung transcription request, transcribe_count: 1
2026-07-31 05:47:01.313 - RealTimeSTT: realtimestt - INFO - State changed from 'transcribing' to 'inactive'
2026-07-31 05:47:01.344 - RealTimeSTT: realtimestt - DEBUG - Model tiny completed transcription in 0.64 seconds
2026-07-31 05:47:01.345 - RealTimeSTT: realtimestt - INFO - Setting listen time
2026-07-31 05:47:01.345 - RealTimeSTT: realtimestt - INFO - State changed from 'inactive' to 'listening'
2026-07-31 05:47:01.346 - RealTimeSTT: realtimestt - DEBUG - Waiting for recording start
2026-07-31 05:47:02.911 - RealTimeSTT: realtimestt - INFO - voice activity detected
2026-07-31 05:47:02.911 - RealTimeSTT: realtimestt - INFO - recording started
2026-07-31 05:47:02.911 - RealTimeSTT: realtimestt - INFO - State changed from 'listening' to 'recording'
2026-07-31 05:47:02.911 - RealTimeSTT: realtimestt - DEBUG - Waiting for recording stop
2026-07-31 05:47:05.473 - RealTimeSTT: realtimestt - INFO - recording stopped
2026-07-31 05:47:05.474 - RealTimeSTT: realtimestt - DEBUG - No samples removed, final audio length: 57344
2026-07-31 05:47:05.474 - RealTimeSTT: realtimestt - INFO - State changed from 'recording' to 'inactive'
2026-07-31 05:47:05.494 - RealTimeSTT: realtimestt - INFO - State changed from 'inactive' to 'transcribing'
2026-07-31 05:47:05.495 - RealTimeSTT: realtimestt - DEBUG - Adding transcription request, no early transcription started
2026-07-31 05:47:05.508 - RealTimeSTT: realtimestt - DEBUG - Receive from parent_transcription_pipe after sendiung transcription request, transcribe_count: 1
2026-07-31 05:47:05.613 - RealTimeSTT: realtimestt - DEBUG - Receive from parent_transcription_pipe after sendiung transcription request, transcribe_count: 1
2026-07-31 05:47:05.721 - RealTimeSTT: realtimestt - DEBUG - Receive from parent_transcription_pipe after sendiung transcription request, transcribe_count: 1
2026-07-31 05:47:05.831 - RealTimeSTT: realtimestt - DEBUG - Receive from parent_transcription_pipe after sendiung transcription request, transcribe_count: 1
2026-07-31 05:47:05.939 - RealTimeSTT: realtimestt - DEBUG - Receive from parent_transcription_pipe after sendiung transcription request, transcribe_count: 1
2026-07-31 05:47:06.049 - RealTimeSTT: realtimestt - DEBUG - Receive from parent_transcription_pipe after sendiung transcription request, transcribe_count: 1
2026-07-31 05:47:06.148 - RealTimeSTT: realtimestt - INFO - State changed from 'transcribing' to 'inactive'
2026-07-31 05:47:06.181 - RealTimeSTT: realtimestt - DEBUG - Model tiny completed transcription in 0.69 seconds
2026-07-31 05:47:06.182 - RealTimeSTT: realtimestt - INFO - Setting listen time
2026-07-31 05:47:06.182 - RealTimeSTT: realtimestt - INFO - State changed from 'inactive' to 'listening'
2026-07-31 05:47:06.183 - RealTimeSTT: realtimestt - DEBUG - Waiting for recording start
2026-07-31 05:47:15.868 - RealTimeSTT: realtimestt - INFO - KeyboardInterrupt in wait_audio, shutting down
2026-07-31 05:47:15.868 - RealTimeSTT: realtimestt - DEBUG - Finishing recording thread
2026-07-31 05:47:15.884 - RealTimeSTT: realtimestt - DEBUG - Terminating reader process
2026-07-31 05:47:16.422 - RealTimeSTT: realtimestt - DEBUG - Terminating transcription process
2026-07-31 05:47:16.506 - RealTimeSTT: realtimestt - DEBUG - Finishing realtime thread
2026-07-31 05:47:16.564 - RealTimeSTT: realtimestt - INFO - KeyboardInterrupt in text() method
2026-07-31 20:22:09.201 - RealTimeSTT: realtimestt - INFO - Starting RealTimeSTT
2026-07-31 20:22:09.304 - RealTimeSTT: realtimestt - INFO - Initializing audio recording (creating pyAudio input stream, sample rate: 16000 buffer size: 512
2026-07-31 20:22:09.315 - RealTimeSTT: realtimestt - INFO - Initializing WebRTC voice with Sensitivity 3
2026-07-31 20:22:09.316 - RealTimeSTT: realtimestt - DEBUG - WebRTC VAD voice activity detection engine initialized successfully
2026-07-31 20:22:09.741 - RealTimeSTT: realtimestt - DEBUG - Silero VAD voice activity detection engine initialized successfully with backend raw_onnx_ifless
2026-07-31 20:22:09.751 - RealTimeSTT: realtimestt - DEBUG - Starting realtime worker
2026-07-31 20:22:09.751 - RealTimeSTT: realtimestt - DEBUG - Waiting for main transcription model to start
2026-07-31 20:22:09.751 - RealTimeSTT: realtimestt - DEBUG - Realtime transcription disabled; realtime worker exits
2026-07-31 20:22:21.369 - RealTimeSTT: realtimestt - DEBUG - Main transcription model ready
2026-07-31 20:22:21.372 - RealTimeSTT: realtimestt - DEBUG - RealtimeSTT initialization completed successfully
2026-07-31 20:22:21.372 - RealTimeSTT: realtimestt - INFO - Setting listen time
2026-07-31 20:22:21.372 - RealTimeSTT: realtimestt - INFO - State changed from 'inactive' to 'listening'
2026-07-31 20:22:21.375 - RealTimeSTT: realtimestt - DEBUG - Waiting for recording start
2026-07-31 20:22:25.739 - RealTimeSTT: realtimestt - INFO - voice activity detected
2026-07-31 20:22:25.739 - RealTimeSTT: realtimestt - INFO - recording started
2026-07-31 20:22:25.739 - RealTimeSTT: realtimestt - INFO - State changed from 'listening' to 'recording'
2026-07-31 20:22:25.740 - RealTimeSTT: realtimestt - DEBUG - Waiting for recording stop
2026-07-31 20:22:27.914 - RealTimeSTT: realtimestt - INFO - recording stopped
2026-07-31 20:22:27.921 - RealTimeSTT: realtimestt - DEBUG - No samples removed, final audio length: 51200
2026-07-31 20:22:27.921 - RealTimeSTT: realtimestt - INFO - State changed from 'recording' to 'inactive'
2026-07-31 20:22:28.010 - RealTimeSTT: realtimestt - INFO - State changed from 'inactive' to 'transcribing'
2026-07-31 20:22:28.015 - RealTimeSTT: realtimestt - DEBUG - Adding transcription request, no early transcription started
2026-07-31 20:22:28.024 - RealTimeSTT: realtimestt - DEBUG - Receive from parent_transcription_pipe after sendiung transcription request, transcribe_count: 1
2026-07-31 20:22:28.144 - RealTimeSTT: realtimestt - DEBUG - Receive from parent_transcription_pipe after sendiung transcription request, transcribe_count: 1
2026-07-31 20:22:28.250 - RealTimeSTT: realtimestt - DEBUG - Receive from parent_transcription_pipe after sendiung transcription request, transcribe_count: 1
2026-07-31 20:22:28.360 - RealTimeSTT: realtimestt - DEBUG - Receive from parent_transcription_pipe after sendiung transcription request, transcribe_count: 1
2026-07-31 20:22:28.469 - RealTimeSTT: realtimestt - DEBUG - Receive from parent_transcription_pipe after sendiung transcription request, transcribe_count: 1
2026-07-31 20:22:28.577 - RealTimeSTT: realtimestt - DEBUG - Receive from parent_transcription_pipe after sendiung transcription request, transcribe_count: 1
2026-07-31 20:22:28.685 - RealTimeSTT: realtimestt - DEBUG - Receive from parent_transcription_pipe after sendiung transcription request, transcribe_count: 1
2026-07-31 20:22:28.796 - RealTimeSTT: realtimestt - DEBUG - Receive from parent_transcription_pipe after sendiung transcription request, transcribe_count: 1
2026-07-31 20:22:28.907 - RealTimeSTT: realtimestt - DEBUG - Receive from parent_transcription_pipe after sendiung transcription request, transcribe_count: 1
2026-07-31 20:22:29.017 - RealTimeSTT: realtimestt - DEBUG - Receive from parent_transcription_pipe after sendiung transcription request, transcribe_count: 1
2026-07-31 20:22:29.127 - RealTimeSTT: realtimestt - DEBUG - Receive from parent_transcription_pipe after sendiung transcription request, transcribe_count: 1
2026-07-31 20:22:29.238 - RealTimeSTT: realtimestt - DEBUG - Receive from parent_transcription_pipe after sendiung transcription request, transcribe_count: 1
2026-07-31 20:22:29.349 - RealTimeSTT: realtimestt - DEBUG - Receive from parent_transcription_pipe after sendiung transcription request, transcribe_count: 1
2026-07-31 20:22:29.460 - RealTimeSTT: realtimestt - DEBUG - Receive from parent_transcription_pipe after sendiung transcription request, transcribe_count: 1
2026-07-31 20:22:29.571 - RealTimeSTT: realtimestt - DEBUG - Receive from parent_transcription_pipe after sendiung transcription request, transcribe_count: 1
2026-07-31 20:22:29.617 - RealTimeSTT: realtimestt - INFO - State changed from 'transcribing' to 'inactive'
2026-07-31 20:22:29.625 - RealTimeSTT: realtimestt - DEBUG - Model tiny completed transcription in 1.60 seconds
2026-07-31 20:24:44.849 - RealTimeSTT: realtimestt - DEBUG - Receive from stdout pipe
2026-07-31 20:24:44.849 - RealTimeSTT: realtimestt - INFO - None
2026-07-31 20:24:53.815 - RealTimeSTT: realtimestt - INFO - Starting RealTimeSTT
2026-07-31 20:24:53.831 - RealTimeSTT: realtimestt - INFO - Initializing audio recording (creating pyAudio input stream, sample rate: 16000 buffer size: 512
2026-07-31 20:24:53.842 - RealTimeSTT: realtimestt - INFO - Initializing WebRTC voice with Sensitivity 3
2026-07-31 20:24:53.843 - RealTimeSTT: realtimestt - DEBUG - WebRTC VAD voice activity detection engine initialized successfully
2026-07-31 20:24:54.049 - RealTimeSTT: realtimestt - DEBUG - Silero VAD voice activity detection engine initialized successfully with backend raw_onnx_ifless
2026-07-31 20:24:54.053 - RealTimeSTT: realtimestt - DEBUG - Starting realtime worker
2026-07-31 20:24:54.053 - RealTimeSTT: realtimestt - DEBUG - Realtime transcription disabled; realtime worker exits
2026-07-31 20:24:54.053 - RealTimeSTT: realtimestt - DEBUG - Waiting for main transcription model to start
2026-07-31 20:25:04.290 - RealTimeSTT: realtimestt - DEBUG - Main transcription model ready
2026-07-31 20:25:04.292 - RealTimeSTT: realtimestt - DEBUG - RealtimeSTT initialization completed successfully
2026-07-31 20:25:04.292 - RealTimeSTT: realtimestt - INFO - Setting listen time
2026-07-31 20:25:04.292 - RealTimeSTT: realtimestt - INFO - State changed from 'inactive' to 'listening'
2026-07-31 20:25:04.295 - RealTimeSTT: realtimestt - DEBUG - Waiting for recording start
2026-07-31 20:25:07.022 - RealTimeSTT: realtimestt - INFO - voice activity detected
2026-07-31 20:25:07.022 - RealTimeSTT: realtimestt - INFO - recording started
2026-07-31 20:25:07.023 - RealTimeSTT: realtimestt - INFO - State changed from 'listening' to 'recording'
2026-07-31 20:25:07.024 - RealTimeSTT: realtimestt - DEBUG - Waiting for recording stop
2026-07-31 20:25:09.573 - RealTimeSTT: realtimestt - INFO - recording stopped
2026-07-31 20:25:09.578 - RealTimeSTT: realtimestt - DEBUG - No samples removed, final audio length: 57344
2026-07-31 20:25:09.578 - RealTimeSTT: realtimestt - INFO - State changed from 'recording' to 'inactive'
2026-07-31 20:25:09.599 - RealTimeSTT: realtimestt - INFO - State changed from 'inactive' to 'transcribing'
2026-07-31 20:25:09.611 - RealTimeSTT: realtimestt - DEBUG - Adding transcription request, no early transcription started
2026-07-31 20:25:09.613 - RealTimeSTT: realtimestt - DEBUG - Receive from parent_transcription_pipe after sendiung transcription request, transcribe_count: 1
2026-07-31 20:25:09.742 - RealTimeSTT: realtimestt - DEBUG - Receive from parent_transcription_pipe after sendiung transcription request, transcribe_count: 1
2026-07-31 20:25:09.853 - RealTimeSTT: realtimestt - DEBUG - Receive from parent_transcription_pipe after sendiung transcription request, transcribe_count: 1
2026-07-31 20:25:09.963 - RealTimeSTT: realtimestt - DEBUG - Receive from parent_transcription_pipe after sendiung transcription request, transcribe_count: 1
2026-07-31 20:25:10.075 - RealTimeSTT: realtimestt - DEBUG - Receive from parent_transcription_pipe after sendiung transcription request, transcribe_count: 1
2026-07-31 20:25:10.183 - RealTimeSTT: realtimestt - DEBUG - Receive from parent_transcription_pipe after sendiung transcription request, transcribe_count: 1
2026-07-31 20:25:10.293 - RealTimeSTT: realtimestt - DEBUG - Receive from parent_transcription_pipe after sendiung transcription request, transcribe_count: 1
2026-07-31 20:25:10.405 - RealTimeSTT: realtimestt - DEBUG - Receive from parent_transcription_pipe after sendiung transcription request, transcribe_count: 1
2026-07-31 20:25:10.513 - RealTimeSTT: realtimestt - DEBUG - Receive from parent_transcription_pipe after sendiung transcription request, transcribe_count: 1
2026-07-31 20:25:10.622 - RealTimeSTT: realtimestt - DEBUG - Receive from parent_transcription_pipe after sendiung transcription request, transcribe_count: 1
2026-07-31 20:25:10.733 - RealTimeSTT: realtimestt - DEBUG - Receive from parent_transcription_pipe after sendiung transcription request, transcribe_count: 1
2026-07-31 20:25:10.843 - RealTimeSTT: realtimestt - DEBUG - Receive from parent_transcription_pipe after sendiung transcription request, transcribe_count: 1
2026-07-31 20:25:10.955 - RealTimeSTT: realtimestt - DEBUG - Receive from parent_transcription_pipe after sendiung transcription request, transcribe_count: 1
2026-07-31 20:25:11.067 - RealTimeSTT: realtimestt - DEBUG - Receive from parent_transcription_pipe after sendiung transcription request, transcribe_count: 1
2026-07-31 20:25:11.178 - RealTimeSTT: realtimestt - DEBUG - Receive from parent_transcription_pipe after sendiung transcription request, transcribe_count: 1
2026-07-31 20:25:11.196 - RealTimeSTT: realtimestt - INFO - State changed from 'transcribing' to 'inactive'
2026-07-31 20:25:11.223 - RealTimeSTT: realtimestt - DEBUG - Model tiny completed transcription in 1.61 seconds
2026-07-31 20:25:15.961 - RealTimeSTT: realtimestt - INFO - Setting listen time
2026-07-31 20:25:15.961 - RealTimeSTT: realtimestt - INFO - State changed from 'inactive' to 'listening'
2026-07-31 20:25:15.965 - RealTimeSTT: realtimestt - DEBUG - Waiting for recording start
2026-07-31 20:25:25.083 - RealTimeSTT: realtimestt - INFO - KeyboardInterrupt in wait_audio, shutting down
2026-07-31 20:25:25.084 - RealTimeSTT: realtimestt - DEBUG - Finishing recording thread
2026-07-31 20:25:25.097 - RealTimeSTT: realtimestt - DEBUG - Terminating reader process
2026-07-31 20:25:26.099 - RealTimeSTT: realtimestt - DEBUG - Terminating transcription process
2026-07-31 20:25:26.232 - RealTimeSTT: realtimestt - DEBUG - Finishing realtime thread
2026-07-31 20:25:26.361 - RealTimeSTT: realtimestt - INFO - KeyboardInterrupt in text() method
2026-07-31 20:29:58.426 - RealTimeSTT: realtimestt - INFO - Starting RealTimeSTT
2026-07-31 20:29:58.445 - RealTimeSTT: realtimestt - INFO - Initializing audio recording (creating pyAudio input stream, sample rate: 16000 buffer size: 512
2026-07-31 20:29:58.457 - RealTimeSTT: realtimestt - INFO - Initializing WebRTC voice with Sensitivity 3
2026-07-31 20:29:58.457 - RealTimeSTT: realtimestt - DEBUG - WebRTC VAD voice activity detection engine initialized successfully
2026-07-31 20:29:58.674 - RealTimeSTT: realtimestt - DEBUG - Silero VAD voice activity detection engine initialized successfully with backend raw_onnx_ifless
2026-07-31 20:29:58.677 - RealTimeSTT: realtimestt - DEBUG - Starting realtime worker
2026-07-31 20:29:58.678 - RealTimeSTT: realtimestt - DEBUG - Realtime transcription disabled; realtime worker exits
2026-07-31 20:29:58.678 - RealTimeSTT: realtimestt - DEBUG - Waiting for main transcription model to start
2026-07-31 20:30:09.633 - RealTimeSTT: realtimestt - DEBUG - Main transcription model ready
2026-07-31 20:30:09.635 - RealTimeSTT: realtimestt - DEBUG - RealtimeSTT initialization completed successfully
2026-07-31 20:30:09.635 - RealTimeSTT: realtimestt - INFO - Setting listen time
2026-07-31 20:30:09.636 - RealTimeSTT: realtimestt - INFO - State changed from 'inactive' to 'listening'
2026-07-31 20:30:09.639 - RealTimeSTT: realtimestt - DEBUG - Waiting for recording start
2026-07-31 20:30:12.610 - RealTimeSTT: realtimestt - INFO - voice activity detected
2026-07-31 20:30:12.610 - RealTimeSTT: realtimestt - INFO - recording started
2026-07-31 20:30:12.610 - RealTimeSTT: realtimestt - INFO - State changed from 'listening' to 'recording'
2026-07-31 20:30:12.612 - RealTimeSTT: realtimestt - DEBUG - Waiting for recording stop
2026-07-31 20:30:14.975 - RealTimeSTT: realtimestt - INFO - recording stopped
2026-07-31 20:30:14.979 - RealTimeSTT: realtimestt - DEBUG - No samples removed, final audio length: 54272
2026-07-31 20:30:14.979 - RealTimeSTT: realtimestt - INFO - State changed from 'recording' to 'inactive'
2026-07-31 20:30:14.997 - RealTimeSTT: realtimestt - INFO - State changed from 'inactive' to 'transcribing'
2026-07-31 20:30:15.002 - RealTimeSTT: realtimestt - DEBUG - Adding transcription request, no early transcription started
2026-07-31 20:30:15.004 - RealTimeSTT: realtimestt - DEBUG - Receive from parent_transcription_pipe after sendiung transcription request, transcribe_count: 1
2026-07-31 20:30:15.142 - RealTimeSTT: realtimestt - DEBUG - Receive from parent_transcription_pipe after sendiung transcription request, transcribe_count: 1
2026-07-31 20:30:15.250 - RealTimeSTT: realtimestt - DEBUG - Receive from parent_transcription_pipe after sendiung transcription request, transcribe_count: 1
2026-07-31 20:30:15.361 - RealTimeSTT: realtimestt - DEBUG - Receive from parent_transcription_pipe after sendiung transcription request, transcribe_count: 1
2026-07-31 20:30:15.472 - RealTimeSTT: realtimestt - DEBUG - Receive from parent_transcription_pipe after sendiung transcription request, transcribe_count: 1
2026-07-31 20:30:15.582 - RealTimeSTT: realtimestt - DEBUG - Receive from parent_transcription_pipe after sendiung transcription request, transcribe_count: 1
2026-07-31 20:30:15.693 - RealTimeSTT: realtimestt - DEBUG - Receive from parent_transcription_pipe after sendiung transcription request, transcribe_count: 1
2026-07-31 20:30:15.802 - RealTimeSTT: realtimestt - DEBUG - Receive from parent_transcription_pipe after sendiung transcription request, transcribe_count: 1
2026-07-31 20:30:15.913 - RealTimeSTT: realtimestt - DEBUG - Receive from parent_transcription_pipe after sendiung transcription request, transcribe_count: 1
2026-07-31 20:30:16.023 - RealTimeSTT: realtimestt - DEBUG - Receive from parent_transcription_pipe after sendiung transcription request, transcribe_count: 1
2026-07-31 20:30:16.133 - RealTimeSTT: realtimestt - DEBUG - Receive from parent_transcription_pipe after sendiung transcription request, transcribe_count: 1
2026-07-31 20:30:16.245 - RealTimeSTT: realtimestt - DEBUG - Receive from parent_transcription_pipe after sendiung transcription request, transcribe_count: 1
2026-07-31 20:30:16.353 - RealTimeSTT: realtimestt - DEBUG - Receive from parent_transcription_pipe after sendiung transcription request, transcribe_count: 1
2026-07-31 20:30:16.462 - RealTimeSTT: realtimestt - DEBUG - Receive from parent_transcription_pipe after sendiung transcription request, transcribe_count: 1
2026-07-31 20:30:16.573 - RealTimeSTT: realtimestt - DEBUG - Receive from parent_transcription_pipe after sendiung transcription request, transcribe_count: 1
2026-07-31 20:30:16.576 - RealTimeSTT: realtimestt - INFO - State changed from 'transcribing' to 'inactive'
2026-07-31 20:30:16.611 - RealTimeSTT: realtimestt - DEBUG - Model tiny completed transcription in 1.61 seconds
2026-07-31 20:30:35.934 - RealTimeSTT: realtimestt - DEBUG - Receive from stdout pipe
2026-07-31 20:30:35.935 - RealTimeSTT: realtimestt - INFO - None
2026-07-31 20:31:24.214 - RealTimeSTT: realtimestt - INFO - Starting RealTimeSTT
2026-07-31 20:31:24.229 - RealTimeSTT: realtimestt - INFO - Initializing audio recording (creating pyAudio input stream, sample rate: 16000 buffer size: 512
2026-07-31 20:31:24.244 - RealTimeSTT: realtimestt - INFO - Initializing WebRTC voice with Sensitivity 3
2026-07-31 20:31:24.246 - RealTimeSTT: realtimestt - DEBUG - WebRTC VAD voice activity detection engine initialized successfully
2026-07-31 20:31:24.425 - RealTimeSTT: realtimestt - DEBUG - Silero VAD voice activity detection engine initialized successfully with backend raw_onnx_ifless
2026-07-31 20:31:24.429 - RealTimeSTT: realtimestt - DEBUG - Starting realtime worker
2026-07-31 20:31:24.429 - RealTimeSTT: realtimestt - DEBUG - Realtime transcription disabled; realtime worker exits
2026-07-31 20:31:24.429 - RealTimeSTT: realtimestt - DEBUG - Waiting for main transcription model to start
2026-07-31 20:31:34.320 - RealTimeSTT: realtimestt - DEBUG - Main transcription model ready
2026-07-31 20:31:34.321 - RealTimeSTT: realtimestt - DEBUG - RealtimeSTT initialization completed successfully
2026-07-31 20:31:34.322 - RealTimeSTT: realtimestt - INFO - Setting listen time
2026-07-31 20:31:34.322 - RealTimeSTT: realtimestt - INFO - State changed from 'inactive' to 'listening'
2026-07-31 20:31:34.324 - RealTimeSTT: realtimestt - DEBUG - Waiting for recording start
2026-07-31 20:31:36.862 - RealTimeSTT: realtimestt - INFO - voice activity detected
2026-07-31 20:31:36.863 - RealTimeSTT: realtimestt - INFO - recording started
2026-07-31 20:31:36.863 - RealTimeSTT: realtimestt - INFO - State changed from 'listening' to 'recording'
2026-07-31 20:31:36.863 - RealTimeSTT: realtimestt - DEBUG - Waiting for recording stop
2026-07-31 20:31:39.289 - RealTimeSTT: realtimestt - INFO - recording stopped
2026-07-31 20:31:39.293 - RealTimeSTT: realtimestt - DEBUG - No samples removed, final audio length: 55296
2026-07-31 20:31:39.294 - RealTimeSTT: realtimestt - INFO - State changed from 'recording' to 'inactive'
2026-07-31 20:31:39.396 - RealTimeSTT: realtimestt - INFO - State changed from 'inactive' to 'transcribing'
2026-07-31 20:31:39.407 - RealTimeSTT: realtimestt - DEBUG - Adding transcription request, no early transcription started
2026-07-31 20:31:39.409 - RealTimeSTT: realtimestt - DEBUG - Receive from parent_transcription_pipe after sendiung transcription request, transcribe_count: 1
2026-07-31 20:31:39.526 - RealTimeSTT: realtimestt - DEBUG - Receive from parent_transcription_pipe after sendiung transcription request, transcribe_count: 1
2026-07-31 20:31:39.642 - RealTimeSTT: realtimestt - DEBUG - Receive from parent_transcription_pipe after sendiung transcription request, transcribe_count: 1
2026-07-31 20:31:39.754 - RealTimeSTT: realtimestt - DEBUG - Receive from parent_transcription_pipe after sendiung transcription request, transcribe_count: 1
2026-07-31 20:31:39.865 - RealTimeSTT: realtimestt - DEBUG - Receive from parent_transcription_pipe after sendiung transcription request, transcribe_count: 1
2026-07-31 20:31:39.975 - RealTimeSTT: realtimestt - DEBUG - Receive from parent_transcription_pipe after sendiung transcription request, transcribe_count: 1
2026-07-31 20:31:40.086 - RealTimeSTT: realtimestt - DEBUG - Receive from parent_transcription_pipe after sendiung transcription request, transcribe_count: 1
2026-07-31 20:31:40.198 - RealTimeSTT: realtimestt - DEBUG - Receive from parent_transcription_pipe after sendiung transcription request, transcribe_count: 1
2026-07-31 20:31:40.314 - RealTimeSTT: realtimestt - DEBUG - Receive from parent_transcription_pipe after sendiung transcription request, transcribe_count: 1
2026-07-31 20:31:40.420 - RealTimeSTT: realtimestt - DEBUG - Receive from parent_transcription_pipe after sendiung transcription request, transcribe_count: 1
2026-07-31 20:31:40.529 - RealTimeSTT: realtimestt - DEBUG - Receive from parent_transcription_pipe after sendiung transcription request, transcribe_count: 1
2026-07-31 20:31:40.633 - RealTimeSTT: realtimestt - DEBUG - Receive from parent_transcription_pipe after sendiung transcription request, transcribe_count: 1
2026-07-31 20:31:40.742 - RealTimeSTT: realtimestt - DEBUG - Receive from parent_transcription_pipe after sendiung transcription request, transcribe_count: 1
2026-07-31 20:31:40.853 - RealTimeSTT: realtimestt - DEBUG - Receive from parent_transcription_pipe after sendiung transcription request, transcribe_count: 1
2026-07-31 20:31:40.963 - RealTimeSTT: realtimestt - DEBUG - Receive from parent_transcription_pipe after sendiung transcription request, transcribe_count: 1
2026-07-31 20:31:41.009 - RealTimeSTT: realtimestt - INFO - State changed from 'transcribing' to 'inactive'
2026-07-31 20:31:41.061 - RealTimeSTT: realtimestt - DEBUG - Model tiny completed transcription in 1.65 seconds
2026-07-31 20:33:51.622 - RealTimeSTT: realtimestt - INFO - Starting RealTimeSTT
2026-07-31 20:33:51.634 - RealTimeSTT: realtimestt - INFO - Initializing audio recording (creating pyAudio input stream, sample rate: 16000 buffer size: 512
2026-07-31 20:33:51.645 - RealTimeSTT: realtimestt - INFO - Initializing WebRTC voice with Sensitivity 3
2026-07-31 20:33:51.645 - RealTimeSTT: realtimestt - DEBUG - WebRTC VAD voice activity detection engine initialized successfully
2026-07-31 20:33:51.838 - RealTimeSTT: realtimestt - DEBUG - Silero VAD voice activity detection engine initialized successfully with backend raw_onnx_ifless
2026-07-31 20:33:51.841 - RealTimeSTT: realtimestt - DEBUG - Starting realtime worker
2026-07-31 20:33:51.841 - RealTimeSTT: realtimestt - DEBUG - Realtime transcription disabled; realtime worker exits
2026-07-31 20:33:51.842 - RealTimeSTT: realtimestt - DEBUG - Waiting for main transcription model to start
2026-07-31 20:34:02.453 - RealTimeSTT: realtimestt - DEBUG - Main transcription model ready
2026-07-31 20:34:02.455 - RealTimeSTT: realtimestt - DEBUG - RealtimeSTT initialization completed successfully
2026-07-31 20:34:02.456 - RealTimeSTT: realtimestt - INFO - Setting listen time
2026-07-31 20:34:02.456 - RealTimeSTT: realtimestt - INFO - State changed from 'inactive' to 'listening'
2026-07-31 20:34:02.460 - RealTimeSTT: realtimestt - DEBUG - Waiting for recording start
2026-07-31 20:34:05.203 - RealTimeSTT: realtimestt - INFO - voice activity detected
2026-07-31 20:34:05.203 - RealTimeSTT: realtimestt - INFO - recording started
2026-07-31 20:34:05.203 - RealTimeSTT: realtimestt - INFO - State changed from 'listening' to 'recording'
2026-07-31 20:34:05.204 - RealTimeSTT: realtimestt - DEBUG - Waiting for recording stop
2026-07-31 20:34:07.313 - RealTimeSTT: realtimestt - INFO - recording stopped
2026-07-31 20:34:07.317 - RealTimeSTT: realtimestt - DEBUG - No samples removed, final audio length: 50176
2026-07-31 20:34:07.317 - RealTimeSTT: realtimestt - INFO - State changed from 'recording' to 'inactive'
2026-07-31 20:34:07.334 - RealTimeSTT: realtimestt - INFO - State changed from 'inactive' to 'transcribing'
2026-07-31 20:34:07.338 - RealTimeSTT: realtimestt - DEBUG - Adding transcription request, no early transcription started
2026-07-31 20:34:07.339 - RealTimeSTT: realtimestt - DEBUG - Receive from parent_transcription_pipe after sendiung transcription request, transcribe_count: 1
2026-07-31 20:34:07.445 - RealTimeSTT: realtimestt - DEBUG - Receive from parent_transcription_pipe after sendiung transcription request, transcribe_count: 1
2026-07-31 20:34:07.550 - RealTimeSTT: realtimestt - DEBUG - Receive from parent_transcription_pipe after sendiung transcription request, transcribe_count: 1
2026-07-31 20:34:07.661 - RealTimeSTT: realtimestt - DEBUG - Receive from parent_transcription_pipe after sendiung transcription request, transcribe_count: 1
2026-07-31 20:34:07.772 - RealTimeSTT: realtimestt - DEBUG - Receive from parent_transcription_pipe after sendiung transcription request, transcribe_count: 1
2026-07-31 20:34:07.886 - RealTimeSTT: realtimestt - DEBUG - Receive from parent_transcription_pipe after sendiung transcription request, transcribe_count: 1
2026-07-31 20:34:07.994 - RealTimeSTT: realtimestt - DEBUG - Receive from parent_transcription_pipe after sendiung transcription request, transcribe_count: 1
2026-07-31 20:34:08.105 - RealTimeSTT: realtimestt - DEBUG - Receive from parent_transcription_pipe after sendiung transcription request, transcribe_count: 1
2026-07-31 20:34:08.214 - RealTimeSTT: realtimestt - DEBUG - Receive from parent_transcription_pipe after sendiung transcription request, transcribe_count: 1
2026-07-31 20:34:08.324 - RealTimeSTT: realtimestt - DEBUG - Receive from parent_transcription_pipe after sendiung transcription request, transcribe_count: 1
2026-07-31 20:34:08.436 - RealTimeSTT: realtimestt - DEBUG - Receive from parent_transcription_pipe after sendiung transcription request, transcribe_count: 1
2026-07-31 20:34:08.545 - RealTimeSTT: realtimestt - DEBUG - Receive from parent_transcription_pipe after sendiung transcription request, transcribe_count: 1
2026-07-31 20:34:08.656 - RealTimeSTT: realtimestt - DEBUG - Receive from parent_transcription_pipe after sendiung transcription request, transcribe_count: 1
2026-07-31 20:34:08.694 - RealTimeSTT: realtimestt - INFO - State changed from 'transcribing' to 'inactive'
2026-07-31 20:34:08.735 - RealTimeSTT: realtimestt - DEBUG - Model tiny completed transcription in 1.40 seconds
2026-07-31 20:34:19.982 - RealTimeSTT: realtimestt - INFO - voice activity detected
2026-07-31 20:34:19.983 - RealTimeSTT: realtimestt - INFO - recording started
2026-07-31 20:34:19.983 - RealTimeSTT: realtimestt - INFO - State changed from 'inactive' to 'recording'
2026-07-31 20:34:23.437 - RealTimeSTT: realtimestt - INFO - recording stopped
2026-07-31 20:34:35.721 - RealTimeSTT: realtimestt - INFO - voice activity detected
2026-07-31 20:34:35.721 - RealTimeSTT: realtimestt - INFO - recording started
2026-07-31 20:34:40.328 - RealTimeSTT: realtimestt - INFO - recording stopped
2026-07-31 20:35:32.172 - RealTimeSTT: realtimestt - INFO - voice activity detected
2026-07-31 20:35:32.172 - RealTimeSTT: realtimestt - INFO - recording started
2026-07-31 20:35:35.762 - RealTimeSTT: realtimestt - INFO - recording stopped
2026-07-31 20:35:41.294 - RealTimeSTT: realtimestt - DEBUG - Receive from stdout pipe
2026-07-31 20:35:41.296 - RealTimeSTT: realtimestt - INFO - None
2026-07-31 20:37:00.775 - RealTimeSTT: realtimestt - INFO - Starting RealTimeSTT
2026-07-31 20:37:00.789 - RealTimeSTT: realtimestt - INFO - Initializing audio recording (creating pyAudio input stream, sample rate: 16000 buffer size: 512
2026-07-31 20:37:00.801 - RealTimeSTT: realtimestt - INFO - Initializing WebRTC voice with Sensitivity 3
2026-07-31 20:37:00.801 - RealTimeSTT: realtimestt - DEBUG - WebRTC VAD voice activity detection engine initialized successfully
2026-07-31 20:37:00.984 - RealTimeSTT: realtimestt - DEBUG - Silero VAD voice activity detection engine initialized successfully with backend raw_onnx_ifless
2026-07-31 20:37:00.987 - RealTimeSTT: realtimestt - DEBUG - Starting realtime worker
2026-07-31 20:37:00.987 - RealTimeSTT: realtimestt - DEBUG - Waiting for main transcription model to start
2026-07-31 20:37:00.988 - RealTimeSTT: realtimestt - DEBUG - Realtime transcription disabled; realtime worker exits
2026-07-31 20:37:09.060 - RealTimeSTT: realtimestt - INFO - Starting RealTimeSTT
2026-07-31 20:37:09.071 - RealTimeSTT: realtimestt - INFO - Starting RealTimeSTT
2026-07-31 20:37:31.684 - RealTimeSTT: realtimestt - INFO - Starting RealTimeSTT
2026-07-31 20:37:31.698 - RealTimeSTT: realtimestt - INFO - Initializing audio recording (creating pyAudio input stream, sample rate: 16000 buffer size: 512
2026-07-31 20:37:31.714 - RealTimeSTT: realtimestt - INFO - Initializing WebRTC voice with Sensitivity 3
2026-07-31 20:37:31.714 - RealTimeSTT: realtimestt - DEBUG - WebRTC VAD voice activity detection engine initialized successfully
2026-07-31 20:37:31.901 - RealTimeSTT: realtimestt - DEBUG - Silero VAD voice activity detection engine initialized successfully with backend raw_onnx_ifless
2026-07-31 20:37:31.907 - RealTimeSTT: realtimestt - DEBUG - Starting realtime worker
2026-07-31 20:37:31.907 - RealTimeSTT: realtimestt - DEBUG - Realtime transcription disabled; realtime worker exits
2026-07-31 20:37:31.907 - RealTimeSTT: realtimestt - DEBUG - Waiting for main transcription model to start
2026-07-31 20:37:42.514 - RealTimeSTT: realtimestt - DEBUG - Main transcription model ready
2026-07-31 20:37:42.515 - RealTimeSTT: realtimestt - DEBUG - RealtimeSTT initialization completed successfully
2026-07-31 20:37:42.516 - RealTimeSTT: realtimestt - INFO - Setting listen time
2026-07-31 20:37:42.516 - RealTimeSTT: realtimestt - INFO - State changed from 'inactive' to 'listening'
2026-07-31 20:37:42.518 - RealTimeSTT: realtimestt - DEBUG - Waiting for recording start
2026-07-31 20:37:45.696 - RealTimeSTT: realtimestt - INFO - voice activity detected
2026-07-31 20:37:45.696 - RealTimeSTT: realtimestt - INFO - recording started
2026-07-31 20:37:45.696 - RealTimeSTT: realtimestt - INFO - State changed from 'listening' to 'recording'
2026-07-31 20:37:45.697 - RealTimeSTT: realtimestt - DEBUG - Waiting for recording stop
2026-07-31 20:37:49.972 - RealTimeSTT: realtimestt - INFO - recording stopped
2026-07-31 20:37:49.978 - RealTimeSTT: realtimestt - DEBUG - No samples removed, final audio length: 84992
2026-07-31 20:37:49.978 - RealTimeSTT: realtimestt - INFO - State changed from 'recording' to 'inactive'
2026-07-31 20:37:50.043 - RealTimeSTT: realtimestt - INFO - State changed from 'inactive' to 'transcribing'
2026-07-31 20:37:50.045 - RealTimeSTT: realtimestt - DEBUG - Adding transcription request, no early transcription started
2026-07-31 20:37:50.047 - RealTimeSTT: realtimestt - DEBUG - Receive from parent_transcription_pipe after sendiung transcription request, transcribe_count: 1
2026-07-31 20:37:50.170 - RealTimeSTT: realtimestt - DEBUG - Receive from parent_transcription_pipe after sendiung transcription request, transcribe_count: 1
2026-07-31 20:37:50.272 - RealTimeSTT: realtimestt - DEBUG - Receive from parent_transcription_pipe after sendiung transcription request, transcribe_count: 1
2026-07-31 20:37:50.383 - RealTimeSTT: realtimestt - DEBUG - Receive from parent_transcription_pipe after sendiung transcription request, transcribe_count: 1
2026-07-31 20:37:50.492 - RealTimeSTT: realtimestt - DEBUG - Receive from parent_transcription_pipe after sendiung transcription request, transcribe_count: 1
2026-07-31 20:37:50.602 - RealTimeSTT: realtimestt - DEBUG - Receive from parent_transcription_pipe after sendiung transcription request, transcribe_count: 1
2026-07-31 20:37:50.712 - RealTimeSTT: realtimestt - DEBUG - Receive from parent_transcription_pipe after sendiung transcription request, transcribe_count: 1
2026-07-31 20:37:50.822 - RealTimeSTT: realtimestt - DEBUG - Receive from parent_transcription_pipe after sendiung transcription request, transcribe_count: 1
2026-07-31 20:37:50.934 - RealTimeSTT: realtimestt - DEBUG - Receive from parent_transcription_pipe after sendiung transcription request, transcribe_count: 1
2026-07-31 20:37:51.043 - RealTimeSTT: realtimestt - DEBUG - Receive from parent_transcription_pipe after sendiung transcription request, transcribe_count: 1
2026-07-31 20:37:51.153 - RealTimeSTT: realtimestt - DEBUG - Receive from parent_transcription_pipe after sendiung transcription request, transcribe_count: 1
2026-07-31 20:37:51.264 - RealTimeSTT: realtimestt - DEBUG - Receive from parent_transcription_pipe after sendiung transcription request, transcribe_count: 1
2026-07-31 20:37:51.376 - RealTimeSTT: realtimestt - DEBUG - Receive from parent_transcription_pipe after sendiung transcription request, transcribe_count: 1
2026-07-31 20:37:51.484 - RealTimeSTT: realtimestt - DEBUG - Receive from parent_transcription_pipe after sendiung transcription request, transcribe_count: 1
2026-07-31 20:37:51.531 - RealTimeSTT: realtimestt - INFO - State changed from 'transcribing' to 'inactive'
2026-07-31 20:37:51.553 - RealTimeSTT: realtimestt - DEBUG - Model tiny completed transcription in 1.51 seconds
2026-07-31 20:48:55.993 - RealTimeSTT: realtimestt - INFO - Starting RealTimeSTT
2026-07-31 20:48:56.007 - RealTimeSTT: realtimestt - INFO - Initializing audio recording (creating pyAudio input stream, sample rate: 16000 buffer size: 512
2026-07-31 20:48:56.015 - RealTimeSTT: realtimestt - INFO - Initializing WebRTC voice with Sensitivity 3
2026-07-31 20:48:56.015 - RealTimeSTT: realtimestt - DEBUG - WebRTC VAD voice activity detection engine initialized successfully
2026-07-31 20:48:56.200 - RealTimeSTT: realtimestt - DEBUG - Silero VAD voice activity detection engine initialized successfully with backend raw_onnx_ifless
2026-07-31 20:48:56.207 - RealTimeSTT: realtimestt - DEBUG - Starting realtime worker
2026-07-31 20:48:56.208 - RealTimeSTT: realtimestt - DEBUG - Waiting for main transcription model to start
2026-07-31 20:48:56.208 - RealTimeSTT: realtimestt - DEBUG - Realtime transcription disabled; realtime worker exits
2026-07-31 20:49:06.170 - RealTimeSTT: realtimestt - DEBUG - Main transcription model ready
2026-07-31 20:49:06.171 - RealTimeSTT: realtimestt - DEBUG - RealtimeSTT initialization completed successfully
2026-07-31 20:49:06.172 - RealTimeSTT: realtimestt - INFO - Setting listen time
2026-07-31 20:49:06.172 - RealTimeSTT: realtimestt - INFO - State changed from 'inactive' to 'listening'
2026-07-31 20:49:06.174 - RealTimeSTT: realtimestt - DEBUG - Waiting for recording start
2026-07-31 20:49:07.690 - RealTimeSTT: realtimestt - INFO - voice activity detected
2026-07-31 20:49:07.690 - RealTimeSTT: realtimestt - INFO - recording started
2026-07-31 20:49:07.690 - RealTimeSTT: realtimestt - INFO - State changed from 'listening' to 'recording'
2026-07-31 20:49:07.691 - RealTimeSTT: realtimestt - DEBUG - Waiting for recording stop
2026-07-31 20:49:10.057 - RealTimeSTT: realtimestt - INFO - recording stopped
2026-07-31 20:49:10.062 - RealTimeSTT: realtimestt - DEBUG - No samples removed, final audio length: 54272
2026-07-31 20:49:10.063 - RealTimeSTT: realtimestt - INFO - State changed from 'recording' to 'inactive'
2026-07-31 20:49:10.125 - RealTimeSTT: realtimestt - INFO - State changed from 'inactive' to 'transcribing'
2026-07-31 20:49:10.130 - RealTimeSTT: realtimestt - DEBUG - Adding transcription request, no early transcription started
2026-07-31 20:49:10.140 - RealTimeSTT: realtimestt - DEBUG - Receive from parent_transcription_pipe after sendiung transcription request, transcribe_count: 1
2026-07-31 20:49:10.243 - RealTimeSTT: realtimestt - DEBUG - Receive from parent_transcription_pipe after sendiung transcription request, transcribe_count: 1
2026-07-31 20:49:10.354 - RealTimeSTT: realtimestt - DEBUG - Receive from parent_transcription_pipe after sendiung transcription request, transcribe_count: 1
2026-07-31 20:49:10.463 - RealTimeSTT: realtimestt - DEBUG - Receive from parent_transcription_pipe after sendiung transcription request, transcribe_count: 1
2026-07-31 20:49:10.573 - RealTimeSTT: realtimestt - DEBUG - Receive from parent_transcription_pipe after sendiung transcription request, transcribe_count: 1
2026-07-31 20:49:10.680 - RealTimeSTT: realtimestt - DEBUG - Receive from parent_transcription_pipe after sendiung transcription request, transcribe_count: 1
2026-07-31 20:49:10.791 - RealTimeSTT: realtimestt - DEBUG - Receive from parent_transcription_pipe after sendiung transcription request, transcribe_count: 1
2026-07-31 20:49:10.905 - RealTimeSTT: realtimestt - DEBUG - Receive from parent_transcription_pipe after sendiung transcription request, transcribe_count: 1
2026-07-31 20:49:11.016 - RealTimeSTT: realtimestt - DEBUG - Receive from parent_transcription_pipe after sendiung transcription request, transcribe_count: 1
2026-07-31 20:49:11.123 - RealTimeSTT: realtimestt - DEBUG - Receive from parent_transcription_pipe after sendiung transcription request, transcribe_count: 1
2026-07-31 20:49:11.232 - RealTimeSTT: realtimestt - DEBUG - Receive from parent_transcription_pipe after sendiung transcription request, transcribe_count: 1
2026-07-31 20:49:11.342 - RealTimeSTT: realtimestt - DEBUG - Receive from parent_transcription_pipe after sendiung transcription request, transcribe_count: 1
2026-07-31 20:49:11.451 - RealTimeSTT: realtimestt - DEBUG - Receive from parent_transcription_pipe after sendiung transcription request, transcribe_count: 1
2026-07-31 20:49:11.563 - RealTimeSTT: realtimestt - DEBUG - Receive from parent_transcription_pipe after sendiung transcription request, transcribe_count: 1
2026-07-31 20:49:11.576 - RealTimeSTT: realtimestt - INFO - State changed from 'transcribing' to 'inactive'
2026-07-31 20:49:11.627 - RealTimeSTT: realtimestt - DEBUG - Model tiny completed transcription in 1.50 seconds
2026-07-31 20:49:21.743 - RealTimeSTT: realtimestt - DEBUG - Receive from stdout pipe
2026-07-31 20:49:21.744 - RealTimeSTT: realtimestt - INFO - None
2026-07-31 20:55:34.610 - RealTimeSTT: realtimestt - INFO - Starting RealTimeSTT
2026-07-31 20:55:34.638 - RealTimeSTT: realtimestt - INFO - Initializing audio recording (creating pyAudio input stream, sample rate: 16000 buffer size: 512
2026-07-31 20:55:34.661 - RealTimeSTT: realtimestt - INFO - Initializing WebRTC voice with Sensitivity 3
2026-07-31 20:55:34.661 - RealTimeSTT: realtimestt - DEBUG - WebRTC VAD voice activity detection engine initialized successfully
2026-07-31 20:55:34.823 - RealTimeSTT: realtimestt - DEBUG - Silero VAD voice activity detection engine initialized successfully with backend raw_onnx_ifless
2026-07-31 20:55:34.828 - RealTimeSTT: realtimestt - DEBUG - Starting realtime worker
2026-07-31 20:55:34.828 - RealTimeSTT: realtimestt - DEBUG - Realtime transcription disabled; realtime worker exits
2026-07-31 20:55:34.828 - RealTimeSTT: realtimestt - DEBUG - Waiting for main transcription model to start
2026-07-31 20:55:40.884 - RealTimeSTT: realtimestt - INFO - Starting RealTimeSTT
2026-07-31 20:55:40.884 - RealTimeSTT: realtimestt - INFO - Starting RealTimeSTT
2026-07-31 20:57:36.084 - RealTimeSTT: realtimestt - INFO - Starting RealTimeSTT
2026-07-31 20:57:36.098 - RealTimeSTT: realtimestt - INFO - Initializing audio recording (creating pyAudio input stream, sample rate: 16000 buffer size: 512
2026-07-31 20:57:36.119 - RealTimeSTT: realtimestt - INFO - Initializing WebRTC voice with Sensitivity 3
2026-07-31 20:57:36.120 - RealTimeSTT: realtimestt - DEBUG - WebRTC VAD voice activity detection engine initialized successfully
2026-07-31 20:57:36.284 - RealTimeSTT: realtimestt - DEBUG - Silero VAD voice activity detection engine initialized successfully with backend raw_onnx_ifless
2026-07-31 20:57:36.292 - RealTimeSTT: realtimestt - DEBUG - Starting realtime worker
2026-07-31 20:57:36.292 - RealTimeSTT: realtimestt - DEBUG - Realtime transcription disabled; realtime worker exits
2026-07-31 20:57:36.292 - RealTimeSTT: realtimestt - DEBUG - Waiting for main transcription model to start
2026-07-31 20:57:45.627 - RealTimeSTT: realtimestt - DEBUG - Main transcription model ready
2026-07-31 20:57:45.628 - RealTimeSTT: realtimestt - DEBUG - RealtimeSTT initialization completed successfully
2026-07-31 20:57:45.629 - RealTimeSTT: realtimestt - INFO - Setting listen time
2026-07-31 20:57:45.629 - RealTimeSTT: realtimestt - INFO - State changed from 'inactive' to 'listening'
2026-07-31 20:57:45.631 - RealTimeSTT: realtimestt - DEBUG - Waiting for recording start
2026-07-31 20:57:49.223 - RealTimeSTT: realtimestt - INFO - voice activity detected
2026-07-31 20:57:49.223 - RealTimeSTT: realtimestt - INFO - recording started
2026-07-31 20:57:49.223 - RealTimeSTT: realtimestt - INFO - State changed from 'listening' to 'recording'
2026-07-31 20:57:49.223 - RealTimeSTT: realtimestt - DEBUG - Waiting for recording stop
2026-07-31 20:57:51.337 - RealTimeSTT: realtimestt - INFO - recording stopped
2026-07-31 20:57:51.342 - RealTimeSTT: realtimestt - DEBUG - No samples removed, final audio length: 50176
2026-07-31 20:57:51.342 - RealTimeSTT: realtimestt - INFO - State changed from 'recording' to 'inactive'
2026-07-31 20:57:51.407 - RealTimeSTT: realtimestt - INFO - State changed from 'inactive' to 'transcribing'
2026-07-31 20:57:51.410 - RealTimeSTT: realtimestt - DEBUG - Adding transcription request, no early transcription started
2026-07-31 20:57:51.413 - RealTimeSTT: realtimestt - DEBUG - Receive from parent_transcription_pipe after sendiung transcription request, transcribe_count: 1
2026-07-31 20:57:51.535 - RealTimeSTT: realtimestt - DEBUG - Receive from parent_transcription_pipe after sendiung transcription request, transcribe_count: 1
2026-07-31 20:57:51.639 - RealTimeSTT: realtimestt - DEBUG - Receive from parent_transcription_pipe after sendiung transcription request, transcribe_count: 1
2026-07-31 20:57:51.749 - RealTimeSTT: realtimestt - DEBUG - Receive from parent_transcription_pipe after sendiung transcription request, transcribe_count: 1
2026-07-31 20:57:51.859 - RealTimeSTT: realtimestt - DEBUG - Receive from parent_transcription_pipe after sendiung transcription request, transcribe_count: 1
2026-07-31 20:57:51.970 - RealTimeSTT: realtimestt - DEBUG - Receive from parent_transcription_pipe after sendiung transcription request, transcribe_count: 1
2026-07-31 20:57:52.081 - RealTimeSTT: realtimestt - DEBUG - Receive from parent_transcription_pipe after sendiung transcription request, transcribe_count: 1
2026-07-31 20:57:52.192 - RealTimeSTT: realtimestt - DEBUG - Receive from parent_transcription_pipe after sendiung transcription request, transcribe_count: 1
2026-07-31 20:57:52.301 - RealTimeSTT: realtimestt - DEBUG - Receive from parent_transcription_pipe after sendiung transcription request, transcribe_count: 1
2026-07-31 20:57:52.410 - RealTimeSTT: realtimestt - DEBUG - Receive from parent_transcription_pipe after sendiung transcription request, transcribe_count: 1
2026-07-31 20:57:52.519 - RealTimeSTT: realtimestt - DEBUG - Receive from parent_transcription_pipe after sendiung transcription request, transcribe_count: 1
2026-07-31 20:57:52.630 - RealTimeSTT: realtimestt - DEBUG - Receive from parent_transcription_pipe after sendiung transcription request, transcribe_count: 1
2026-07-31 20:57:52.741 - RealTimeSTT: realtimestt - DEBUG - Receive from parent_transcription_pipe after sendiung transcription request, transcribe_count: 1
2026-07-31 20:57:52.833 - RealTimeSTT: realtimestt - INFO - State changed from 'transcribing' to 'inactive'
2026-07-31 20:57:52.855 - RealTimeSTT: realtimestt - DEBUG - Model tiny completed transcription in 1.45 seconds
2026-07-31 21:02:23.727 - RealTimeSTT: realtimestt - INFO - Starting RealTimeSTT
2026-07-31 21:02:23.746 - RealTimeSTT: realtimestt - INFO - Initializing audio recording (creating pyAudio input stream, sample rate: 16000 buffer size: 512
2026-07-31 21:02:23.770 - RealTimeSTT: realtimestt - INFO - Initializing WebRTC voice with Sensitivity 3
2026-07-31 21:02:23.770 - RealTimeSTT: realtimestt - DEBUG - WebRTC VAD voice activity detection engine initialized successfully
2026-07-31 21:02:23.957 - RealTimeSTT: realtimestt - DEBUG - Silero VAD voice activity detection engine initialized successfully with backend raw_onnx_ifless
2026-07-31 21:02:23.959 - RealTimeSTT: realtimestt - DEBUG - Starting realtime worker
2026-07-31 21:02:23.959 - RealTimeSTT: realtimestt - DEBUG - Realtime transcription disabled; realtime worker exits
2026-07-31 21:02:23.960 - RealTimeSTT: realtimestt - DEBUG - Waiting for main transcription model to start
2026-07-31 21:02:34.067 - RealTimeSTT: realtimestt - DEBUG - Main transcription model ready
2026-07-31 21:02:34.069 - RealTimeSTT: realtimestt - DEBUG - RealtimeSTT initialization completed successfully
2026-07-31 21:02:34.069 - RealTimeSTT: realtimestt - INFO - Setting listen time
2026-07-31 21:02:34.069 - RealTimeSTT: realtimestt - INFO - State changed from 'inactive' to 'listening'
2026-07-31 21:02:34.072 - RealTimeSTT: realtimestt - DEBUG - Waiting for recording start
2026-07-31 21:02:35.233 - RealTimeSTT: realtimestt - INFO - voice activity detected
2026-07-31 21:02:35.234 - RealTimeSTT: realtimestt - INFO - recording started
2026-07-31 21:02:35.234 - RealTimeSTT: realtimestt - INFO - State changed from 'listening' to 'recording'
2026-07-31 21:02:35.235 - RealTimeSTT: realtimestt - DEBUG - Waiting for recording stop
2026-07-31 21:02:37.086 - RealTimeSTT: realtimestt - INFO - recording stopped
2026-07-31 21:02:37.091 - RealTimeSTT: realtimestt - DEBUG - No samples removed, final audio length: 46080
2026-07-31 21:02:37.091 - RealTimeSTT: realtimestt - INFO - State changed from 'recording' to 'inactive'
2026-07-31 21:02:37.137 - RealTimeSTT: realtimestt - INFO - State changed from 'inactive' to 'transcribing'
2026-07-31 21:02:37.150 - RealTimeSTT: realtimestt - DEBUG - Adding transcription request, no early transcription started
2026-07-31 21:02:37.168 - RealTimeSTT: realtimestt - DEBUG - Receive from parent_transcription_pipe after sendiung transcription request, transcribe_count: 1
2026-07-31 21:02:37.271 - RealTimeSTT: realtimestt - DEBUG - Receive from parent_transcription_pipe after sendiung transcription request, transcribe_count: 1
2026-07-31 21:02:37.381 - RealTimeSTT: realtimestt - DEBUG - Receive from parent_transcription_pipe after sendiung transcription request, transcribe_count: 1
2026-07-31 21:02:37.492 - RealTimeSTT: realtimestt - DEBUG - Receive from parent_transcription_pipe after sendiung transcription request, transcribe_count: 1
2026-07-31 21:02:37.604 - RealTimeSTT: realtimestt - DEBUG - Receive from parent_transcription_pipe after sendiung transcription request, transcribe_count: 1
2026-07-31 21:02:37.715 - RealTimeSTT: realtimestt - DEBUG - Receive from parent_transcription_pipe after sendiung transcription request, transcribe_count: 1
2026-07-31 21:02:37.825 - RealTimeSTT: realtimestt - DEBUG - Receive from parent_transcription_pipe after sendiung transcription request, transcribe_count: 1
2026-07-31 21:02:37.933 - RealTimeSTT: realtimestt - DEBUG - Receive from parent_transcription_pipe after sendiung transcription request, transcribe_count: 1
2026-07-31 21:02:38.041 - RealTimeSTT: realtimestt - DEBUG - Receive from parent_transcription_pipe after sendiung transcription request, transcribe_count: 1
2026-07-31 21:02:38.152 - RealTimeSTT: realtimestt - DEBUG - Receive from parent_transcription_pipe after sendiung transcription request, transcribe_count: 1
2026-07-31 21:02:38.261 - RealTimeSTT: realtimestt - DEBUG - Receive from parent_transcription_pipe after sendiung transcription request, transcribe_count: 1
2026-07-31 21:02:38.372 - RealTimeSTT: realtimestt - DEBUG - Receive from parent_transcription_pipe after sendiung transcription request, transcribe_count: 1
2026-07-31 21:02:38.480 - RealTimeSTT: realtimestt - DEBUG - Receive from parent_transcription_pipe after sendiung transcription request, transcribe_count: 1
2026-07-31 21:02:38.589 - RealTimeSTT: realtimestt - DEBUG - Receive from parent_transcription_pipe after sendiung transcription request, transcribe_count: 1
2026-07-31 21:02:38.652 - RealTimeSTT: realtimestt - INFO - State changed from 'transcribing' to 'inactive'
2026-07-31 21:02:38.703 - RealTimeSTT: realtimestt - DEBUG - Model tiny completed transcription in 1.55 seconds
2026-07-31 21:05:03.082 - RealTimeSTT: realtimestt - DEBUG - Receive from stdout pipe
2026-07-31 21:05:03.083 - RealTimeSTT: realtimestt - INFO - None
